// Jest Snapshot v1, https://goo.gl/fbAQLP

exports[`App component renders correctly 1`] = `
<div
  className="makeStyles-root-1"
>
  <WithStyles(ForwardRef(AppBar))
    position="static"
  >
    <WithStyles(ForwardRef(Tabs))
      onChange={[Function]}
      value={0}
    >
      <WithStyles(ForwardRef(Tab))
        label="Game"
      />
      <WithStyles(ForwardRef(Tab))
        label="Armory"
      />
      <WithStyles(ForwardRef(Tab))
        label="Potions"
      />
    </WithStyles(ForwardRef(Tabs))>
  </WithStyles(ForwardRef(AppBar))>
  <TabPanel
    index={0}
    value={0}
  >
    <_default />
  </TabPanel>
  <TabPanel
    index={1}
    value={0}
  >
    <_default />
  </TabPanel>
  <TabPanel
    index={2}
    value={0}
  >
    Potions
  </TabPanel>
</div>
`;
